// Jest Snapshot v1, https://goo.gl/fbAQLP

exports[`Articles Component Snapshot of Articles Component 1`] = `
<div
  className="articles col-lg-8"
>
  <h3>
    Articles
  </h3>
  <div
    className="row"
  />
</div>
`;
