// Jest Snapshot v1, https://goo.gl/fbAQLP

exports[`Content component Should have all the contents information 1`] = `
<div
  className="content"
>
  <div
    className="row"
  >
    <div
      className="col-md-2"
    >
      <Sources />
    </div>
    <div
      className="col-md-8"
    >
      <Articles />
    </div>
    <div
      className="col-md-2"
    >
      <SourcesSearch />
    </div>
  </div>
</div>
`;
